[2026-07-18 18:54:30] [LITE] ==========================================
[2026-07-18 18:54:30] [LITE] Sofia's Lite Audio Watcher started
[2026-07-18 18:54:30] [LITE] Queue:  /Users/barakwater/Downloads/sofia_audio_queue
[2026-07-18 18:54:30] [LITE] PID:    37986
[2026-07-18 18:54:30] [LITE] ==========================================
[2026-07-18 18:54:30] [LITE] Drop .url files into the queue folder for audio-only download.
[2026-07-18 18:54:30] [LITE] (Use .demucs extension for full stem separation — handled by the full watcher)
[2026-07-18 18:54:30] [LITE] 
[2026-07-18 18:56:11] [LITE] ==========================================
[2026-07-18 18:56:11] [LITE] Sofia's Lite Audio Watcher started
[2026-07-18 18:56:11] [LITE] Queue:  /Users/barakwater/Downloads/sofia_audio_queue
[2026-07-18 18:56:11] [LITE] PID:    38190
[2026-07-18 18:56:11] [LITE] ==========================================
[2026-07-18 18:56:11] [LITE] Drop .url files into the queue folder for audio-only download.
[2026-07-18 18:56:11] [LITE] (Use .demucs extension for full stem separation — handled by the full watcher)
[2026-07-18 18:56:11] [LITE] 
[2026-07-18 18:57:22] [LITE] ==========================================
[2026-07-18 18:57:22] [LITE] Sofia's Lite Audio Watcher started
[2026-07-18 18:57:22] [LITE] Queue:  /Users/barakwater/Downloads/sofia_audio_queue
[2026-07-18 18:57:22] [LITE] PID:    38375
[2026-07-18 18:57:22] [LITE] ==========================================
[2026-07-18 18:57:22] [LITE] Drop .url files into the queue folder for audio-only download.
[2026-07-18 18:57:22] [LITE] (Use .demucs extension for full stem separation — handled by the full watcher)
[2026-07-18 18:57:22] [LITE] 
[2026-07-19 11:57:48] [LITE] ==========================================
[2026-07-19 11:57:48] [LITE] Sofia's Lite Audio Watcher started
[2026-07-19 11:57:48] [LITE] Queue:  /Users/barakwater/Downloads/sofia_audio_queue
[2026-07-19 11:57:48] [LITE] PID:    97622
[2026-07-19 11:57:48] [LITE] ==========================================
[2026-07-19 11:57:48] [LITE] Drop .url files into the queue folder for audio-only download.
[2026-07-19 11:57:48] [LITE] (Use .demucs extension for full stem separation — handled by the full watcher)
[2026-07-19 11:57:48] [LITE] 
[2026-07-19 12:07:59] [LITE] ==========================================
[2026-07-19 12:07:59] [LITE] Sofia's Lite Audio Watcher started
[2026-07-19 12:07:59] [LITE] Queue:  /Users/barakwater/Downloads/sofia_audio_queue
[2026-07-19 12:07:59] [LITE] PID:    98253
[2026-07-19 12:07:59] [LITE] ==========================================
[2026-07-19 12:07:59] [LITE] Drop .url files into the queue folder for audio-only download.
[2026-07-19 12:07:59] [LITE] (Use .demucs extension for full stem separation — handled by the full watcher)
[2026-07-19 12:07:59] [LITE] 
[2026-07-20 20:31:49] [LITE] Lite watcher stopping.
