[2026-07-18 18:54:31] ==========================================
[2026-07-18 18:54:31] Sofia's Audio Watcher started
[2026-07-18 18:54:31] Queue:  /Users/barakwater/Downloads/sofia_audio_queue
[2026-07-18 18:54:31] Output: /Users/barakwater/Downloads/demucs_output
[2026-07-18 18:54:31] PID:    37987
[2026-07-18 18:54:31] ==========================================
[2026-07-18 18:54:31] Drop audio files (.wav, .mp3, .flac) or .url files into the queue folder.
[2026-07-18 18:54:31] I'll download (if needed) and separate them automatically.
[2026-07-18 18:54:31] 
[2026-07-18 18:56:12] Watcher stopping.
[2026-07-18 18:56:13] ==========================================
[2026-07-18 18:56:13] Sofia's Audio Watcher started
[2026-07-18 18:56:13] Queue:  /Users/barakwater/Downloads/sofia_audio_queue
[2026-07-18 18:56:13] Output: /Users/barakwater/Downloads/demucs_output
[2026-07-18 18:56:13] PID:    38236
[2026-07-18 18:56:13] ==========================================
[2026-07-18 18:56:13] Drop audio files (.wav, .mp3, .flac) or .url files into the queue folder.
[2026-07-18 18:56:13] I'll download (if needed) and separate them automatically.
[2026-07-18 18:56:13] 
[2026-07-18 18:57:23] Watcher stopping.
[2026-07-18 18:57:24] ==========================================
[2026-07-18 18:57:24] Sofia's Audio Watcher started
[2026-07-18 18:57:24] Queue:  /Users/barakwater/Downloads/sofia_audio_queue
[2026-07-18 18:57:24] Output: /Users/barakwater/Downloads/demucs_output
[2026-07-18 18:57:24] PID:    38423
[2026-07-18 18:57:24] ==========================================
[2026-07-18 18:57:24] Drop audio files (.wav, .mp3, .flac) or .url files into the queue folder.
[2026-07-18 18:57:24] I'll download (if needed) and separate them automatically.
[2026-07-18 18:57:24] 
[2026-07-19 11:57:44] ==========================================
[2026-07-19 11:57:44] Sofia's Audio Watcher started
[2026-07-19 11:57:44] Queue:  /Users/barakwater/Downloads/sofia_audio_queue
[2026-07-19 11:57:44] Output: /Users/barakwater/Downloads/demucs_output
[2026-07-19 11:57:44] PID:    97565
[2026-07-19 11:57:44] ==========================================
[2026-07-19 11:57:44] Drop audio files (.wav, .mp3, .flac) or .url files into the queue folder.
[2026-07-19 11:57:44] I'll download (if needed) and separate them automatically.
[2026-07-19 11:57:44] 
[2026-07-19 12:07:55] ==========================================
[2026-07-19 12:07:55] Sofia's Audio Watcher started
[2026-07-19 12:07:55] Queue:  /Users/barakwater/Downloads/sofia_audio_queue
[2026-07-19 12:07:55] Output: /Users/barakwater/Downloads/demucs_output
[2026-07-19 12:07:55] PID:    98199
[2026-07-19 12:07:55] ==========================================
[2026-07-19 12:07:55] Drop audio files (.wav, .mp3, .flac) or .url files into the queue folder.
[2026-07-19 12:07:55] I'll download (if needed) and separate them automatically.
[2026-07-19 12:07:55] 
